******************************************************************************
             TMS320C2000 Linker PC v20.2.1                     
******************************************************************************
>> Linked Fri Sep 17 16:15:00 2021

OUTPUT FILE NAME:   <f280045_continuous_dma_2ch_20210913.out>
ENTRY POINT SYMBOL: "code_start"  address: 00000000


MEMORY CONFIGURATION

         name            origin    length      used     unused   attr    fill
----------------------  --------  ---------  --------  --------  ----  --------
PAGE 0:
  BEGIN                 00000000   00000002  00000002  00000000  RWIX
  RAMM0                 000000f4   0000030c  000001c8  00000144  RWIX
  RAMLS0                00008000   00000800  00000800  00000000  RWIX
  RAMLS1                00008800   00000800  000007ff  00000001  RWIX
  RAMLS2                00009000   00000800  00000227  000005d9  RWIX
  RAMLS3                00009800   00000800  00000000  00000800  RWIX
  RAMLS4                0000a000   00000800  00000000  00000800  RWIX
  FLASH_BANK0_SEC0      00080000   00001000  00000000  00001000  RWIX
  FLASH_BANK0_SEC1      00081000   00001000  00000000  00001000  RWIX
  FLASH_BANK0_SEC2      00082000   00001000  00000000  00001000  RWIX
  FLASH_BANK0_SEC3      00083000   00001000  00000000  00001000  RWIX
  FLASH_BANK0_SEC4      00084000   00001000  00000000  00001000  RWIX
  FLASH_BANK0_SEC5      00085000   00001000  00000000  00001000  RWIX
  FLASH_BANK0_SEC6      00086000   00001000  00000000  00001000  RWIX
  FLASH_BANK0_SEC7      00087000   00001000  00000000  00001000  RWIX
  FLASH_BANK0_SEC8      00088000   00001000  00000000  00001000  RWIX
  FLASH_BANK0_SEC9      00089000   00001000  00000000  00001000  RWIX
  FLASH_BANK0_SEC10     0008a000   00001000  00000000  00001000  RWIX
  FLASH_BANK0_SEC11     0008b000   00001000  00000000  00001000  RWIX
  FLASH_BANK0_SEC12     0008c000   00001000  00000000  00001000  RWIX
  FLASH_BANK0_SEC13     0008d000   00001000  00000000  00001000  RWIX
  FLASH_BANK0_SEC14     0008e000   00001000  00000000  00001000  RWIX
  FLASH_BANK0_SEC15     0008f000   00001000  00000000  00001000  RWIX
  FLASH_BANK1_SEC0      00090000   00001000  00000000  00001000  RWIX
  FLASH_BANK1_SEC1      00091000   00001000  00000000  00001000  RWIX
  FLASH_BANK1_SEC2      00092000   00001000  00000000  00001000  RWIX
  FLASH_BANK1_SEC3      00093000   00001000  00000000  00001000  RWIX
  FLASH_BANK1_SEC4      00094000   00001000  00000000  00001000  RWIX
  FLASH_BANK1_SEC5      00095000   00001000  00000000  00001000  RWIX
  FLASH_BANK1_SEC6      00096000   00001000  00000000  00001000  RWIX
  FLASH_BANK1_SEC7      00097000   00001000  00000000  00001000  RWIX
  FLASH_BANK1_SEC8      00098000   00001000  00000000  00001000  RWIX
  FLASH_BANK1_SEC9      00099000   00001000  00000000  00001000  RWIX
  FLASH_BANK1_SEC10     0009a000   00001000  00000000  00001000  RWIX
  FLASH_BANK1_SEC11     0009b000   00001000  00000000  00001000  RWIX
  FLASH_BANK1_SEC12     0009c000   00001000  00000000  00001000  RWIX
  FLASH_BANK1_SEC13     0009d000   00001000  00000000  00001000  RWIX
  FLASH_BANK1_SEC14     0009e000   00001000  00000000  00001000  RWIX
  FLASH_BANK1_SEC15     0009f000   00001000  00000000  00001000  RWIX
  RESET                 003fffc0   00000002  00000000  00000002  RWIX

PAGE 1:
  BOOT_RSVD             00000002   000000f1  00000000  000000f1  RWIX
  RAMM1                 00000400   000003f8  00000100  000002f8  RWIX
  RAMLS5                0000a800   00000800  000003d6  0000042a  RWIX
  RAMLS6                0000b000   00000800  00000000  00000800  RWIX
  RAMLS7                0000b800   00000800  00000000  00000800  RWIX
  RAMGS0                0000c000   00002000  00000800  00001800  RWIX
  RAMGS1                0000e000   00002000  00000000  00002000  RWIX
  RAMGS2                00010000   00002000  00000000  00002000  RWIX
  RAMGS3                00012000   00001ff8  00000000  00001ff8  RWIX


SECTION ALLOCATION MAP

 output                                  attributes/
section   page    origin      length       input sections
--------  ----  ----------  ----------   ----------------
codestart 
*          0    00000000    00000002     
                  00000000    00000002     f28004x_codestartbranch.obj (codestart)

.TI.ramfunc 
*          0    000000f4    000001a4     
                  000000f4    000001a0     adc_ex6_soc_continuous_dma.obj (.TI.ramfunc:retain)
                  00000294    00000004     driverlib_eabi.lib : sysctl.obj (.TI.ramfunc)

.cinit     0    00000298    00000024     
                  00000298    0000000a     (.cinit..data.load) [load image, compression = lzss]
                  000002a2    00000006     (__TI_handler_table)
                  000002a8    00000004     (.cinit..bss.load) [load image, compression = zero_init]
                  000002ac    00000004     (.cinit.ramgs0.load) [load image, compression = zero_init]
                  000002b0    0000000c     (__TI_cinit_table)

.reset     0    003fffc0    00000000     DSECT

.stack     1    00000400    00000100     UNINITIALIZED
                  00000400    00000100     --HOLE--

.bss       1    0000abab    00000001     UNINITIALIZED
                  0000abab    00000001     adc_ex6_soc_continuous_dma.obj (.bss)

.init_array 
*          0    000000f4    00000000     UNINITIALIZED

.const     1    0000a800    000003ab     
                  0000a800    000000ef     driverlib_eabi.lib : gpio.obj (.const:.string)
                  0000a8ef    00000001     --HOLE-- [fill = 0]
                  0000a8f0    000000ef                        : sysctl.obj (.const:.string)
                  0000a9df    00000001     --HOLE-- [fill = 0]
                  0000a9e0    000000cc     adc_ex6_soc_continuous_dma.obj (.const:.string)
                  0000aaac    00000076     driverlib_eabi.lib : adc.obj (.const:.string)
                  0000ab22    00000076                        : dma.obj (.const:.string)
                  0000ab98    00000013     device.obj (.const:.string)

.data      1    0000abac    0000002a     UNINITIALIZED
                  0000abac    00000010     adc_ex6_soc_continuous_dma.obj (.data:avg_adcA)
                  0000abbc    00000010     adc_ex6_soc_continuous_dma.obj (.data:avg_adcC)
                  0000abcc    00000006     rts2800_fpu32_eabi.lib : exit.c.obj (.data)
                  0000abd2    00000002                            : _lock.c.obj (.data:_lock)
                  0000abd4    00000002                            : _lock.c.obj (.data:_unlock)

ramgs0     1    0000c000    00000800     UNINITIALIZED
                  0000c000    00000800     adc_ex6_soc_continuous_dma.obj (ramgs0)

.text.1    0    00008000    00000800     
                  00008000    000007ef     adc_ex6_soc_continuous_dma.obj (.text)
                  000087ef    00000010     driverlib_eabi.lib : sysctl.obj (.text:DCC_isBaseValid)
                  000087ff    00000001     rts2800_fpu32_eabi.lib : startup.c.obj (.text)

.text.2    0    00008800    000007ff     
                  00008800    000001aa     device.obj (.text)
                  000089aa    000000b6     driverlib_eabi.lib : sysctl.obj (.text:SysCtl_setClock)
                  00008a60    000000b2                        : sysctl.obj (.text:SysCtl_isPLLValid)
                  00008b12    000000a3                        : dma.obj (.text:DMA_configMode)
                  00008bb5    0000007a                        : sysctl.obj (.text:DCC_setCounterSeeds)
                  00008c2f    00000064                        : adc.obj (.text:ADC_setVREF)
                  00008c93    0000005b                        : sysctl.obj (.text:SysCtl_selectOscSource)
                  00008cee    00000052                        : gpio.obj (.text:GPIO_setPadConfig)
                  00008d40    00000051                        : sysctl.obj (.text:SysCtl_getClock)
                  00008d91    0000003d                        : interrupt.obj (.text:Interrupt_initModule)
                  00008dce    0000003b                        : gpio.obj (.text:GPIO_setAnalogMode)
                  00008e09    00000034                        : interrupt.obj (.text:Interrupt_enable)
                  00008e3d    00000031                        : gpio.obj (.text:GPIO_setDirectionMode)
                  00008e6e    00000031     rts2800_fpu32_eabi.lib : copy_decompress_lzss.c.obj (.text:decompress:lzss)
                  00008e9f    0000002b                            : autoinit.c.obj (.text:__TI_auto_init_nobinit_nopinit)
                  00008eca    00000029     driverlib_eabi.lib : dma.obj (.text:DMA_configTransfer)
                  00008ef3    00000029                        : dma.obj (.text:DMA_isBaseValid)
                  00008f1c    00000029     rts2800_fpu32_eabi.lib : exit.c.obj (.text)
                  00008f45    00000026     driverlib_eabi.lib : sysctl.obj (.text:SysCtl_pollX1Counter)
                  00008f6b    00000025                        : sysctl.obj (.text:DCC_enableSingleShotMode)
                  00008f90    00000025                        : dma.obj (.text:DMA_configAddresses)
                  00008fb5    00000024                        : dma.obj (.text:DMA_configBurst)
                  00008fd9    00000024                        : sysctl.obj (.text:SysCtl_selectXTAL)
                  00008ffd    00000002                        : interrupt.obj (.text:Interrupt_illegalOperationHandler)

.text.3    0    00009000    00000227     
                  00009000    00000020     driverlib_eabi.lib : interrupt.obj (.text:Interrupt_initVectorTable)
                  00009020    0000001f                        : sysctl.obj (.text:DCC_setCounter1ClkSource)
                  0000903f    0000001d                        : sysctl.obj (.text:DCC_setCounter0ClkSource)
                  0000905c    0000001d     rts2800_fpu32_eabi.lib : memcpy.c.obj (.text)
                  00009079    0000001a     driverlib_eabi.lib : adc.obj (.text:ADC_isBaseValid)
                  00009093    0000001a                        : sysctl.obj (.text:SysCtl_getLowSpeedClock)
                  000090ad    0000001a                        : sysctl.obj (.text:SysCtl_selectXTALSingleEnded)
                  000090c7    00000017                        : sysctl.obj (.text:DCC_disableDoneSignal)
                  000090de    00000017                        : sysctl.obj (.text:DCC_enableDoneSignal)
                  000090f5    00000017                        : sysctl.obj (.text:SysCtl_enablePeripheral)
                  0000910c    00000017     rts2800_fpu32_eabi.lib : boot28.asm.obj (.text)
                  00009123    00000016     driverlib_eabi.lib : sysctl.obj (.text:DCC_clearDoneFlag)
                  00009139    00000016                        : sysctl.obj (.text:DCC_clearErrorFlag)
                  0000914f    00000016                        : sysctl.obj (.text:DCC_disableErrorSignal)
                  00009165    00000016                        : sysctl.obj (.text:DCC_enableErrorSignal)
                  0000917b    00000014                        : sysctl.obj (.text:DCC_disableModule)
                  0000918f    00000014                        : sysctl.obj (.text:DCC_enableModule)
                  000091a3    00000014                        : gpio.obj (.text:GPIO_isPinValid)
                  000091b7    0000000e                        : interrupt.obj (.text:Interrupt_defaultHandler)
                  000091c5    0000000d                        : interrupt.obj (.text:Interrupt_disableMaster)
                  000091d2    0000000d                        : interrupt.obj (.text:Interrupt_enableMaster)
                  000091df    0000000c     rts2800_fpu32_eabi.lib : args_main.c.obj (.text)
                  000091eb    0000000b     driverlib_eabi.lib : sysctl.obj (.text:SysCtl_isMCDClockFailureDetected)
                  000091f6    00000009     rts2800_fpu32_eabi.lib : _lock.c.obj (.text)
                  000091ff    00000008                            : copy_decompress_none.c.obj (.text:decompress:none)
                  00009207    00000008     f28004x_codestartbranch.obj (.text)
                  0000920f    00000007     driverlib_eabi.lib : sysctl.obj (.text:SysCtl_resetMCD)
                  00009216    00000007     rts2800_fpu32_eabi.lib : memset.c.obj (.text)
                  0000921d    00000006                            : copy_zero_init.c.obj (.text:decompress:ZI)
                  00009223    00000002     driverlib_eabi.lib : interrupt.obj (.text:Interrupt_nmiHandler)
                  00009225    00000002     rts2800_fpu32_eabi.lib : pre_init.c.obj (.text)

MODULE SUMMARY

       Module                           code   ro data   rw data
       ------                           ----   -------   -------
    .\
       adc_ex6_soc_continuous_dma.obj   2447   204       2081   
    +--+--------------------------------+------+---------+---------+
       Total:                           2447   204       2081   
                                                                
    .\device\
       device.obj                       426    19        0      
       f28004x_codestartbranch.obj      10     0         0      
    +--+--------------------------------+------+---------+---------+
       Total:                           436    19        0      
                                                                
    C:\ti\c2000\C2000Ware_3_04_00_00\driverlib\f28004x\driverlib\ccs\Debug\driverlib_eabi.lib
       sysctl.obj                       1112   239       0      
       gpio.obj                         210    239       0      
       dma.obj                          318    118       0      
       adc.obj                          126    118       0      
       interrupt.obj                    189    0         0      
    +--+--------------------------------+------+---------+---------+
       Total:                           1955   714       0      
                                                                
    C:\ti\lib\rts2800_fpu32_eabi.lib
       copy_decompress_lzss.c.obj       49     0         0      
       exit.c.obj                       41     0         6      
       autoinit.c.obj                   43     0         0      
       memcpy.c.obj                     29     0         0      
       boot28.asm.obj                   23     0         0      
       _lock.c.obj                      9      0         4      
       args_main.c.obj                  12     0         0      
       copy_decompress_none.c.obj       8      0         0      
       memset.c.obj                     7      0         0      
       copy_zero_init.c.obj             6      0         0      
       pre_init.c.obj                   2      0         0      
       startup.c.obj                    1      0         0      
    +--+--------------------------------+------+---------+---------+
       Total:                           230    0         10     
                                                                
       Stack:                           0      0         256    
       Linker Generated:                0      36        0      
    +--+--------------------------------+------+---------+---------+
       Grand Total:                     5068   973       2347   


LINKER GENERATED COPY TABLES

__TI_cinit_table @ 000002b0 records: 3, size/record: 4, table size: 12
	.data: load addr=00000298, load size=0000000a bytes, run addr=0000abac, run size=0000002a bytes, compression=lzss
	.bss: load addr=000002a8, load size=00000004 bytes, run addr=0000abab, run size=00000001 bytes, compression=zero_init
	ramgs0: load addr=000002ac, load size=00000004 bytes, run addr=0000c000, run size=00000800 bytes, compression=zero_init


LINKER GENERATED HANDLER TABLE

__TI_handler_table @ 000002a2 records: 3, size/record: 2, table size: 6
	index: 0, handler: __TI_zero_init
	index: 1, handler: __TI_decompress_lzss
	index: 2, handler: __TI_decompress_none


GLOBAL DATA SYMBOLS: SORTED BY DATA PAGE

address     data page           name
--------    ----------------    ----
00000400      10 (00000400)     __stack

0000abab     2ae (0000ab80)     done
0000abac     2ae (0000ab80)     avg_adcA
0000abbc     2ae (0000ab80)     avg_adcC

0000abcc     2af (0000abc0)     __TI_enable_exit_profile_output
0000abce     2af (0000abc0)     __TI_cleanup_ptr
0000abd0     2af (0000abc0)     __TI_dtors_ptr
0000abd2     2af (0000abc0)     _lock
0000abd4     2af (0000abc0)     _unlock

0000c000     300 (0000c000)     adcADataBuffer

0000c400     310 (0000c400)     adcCDataBuffer


GLOBAL SYMBOLS: SORTED ALPHABETICALLY BY Name 

page  address   name                           
----  -------   ----                           
0     00008c2f  ADC_setVREF                    
0     00008f1c  C$$EXIT                        
0     00008f90  DMA_configAddresses            
0     00008fb5  DMA_configBurst                
0     00008b12  DMA_configMode                 
0     00008eca  DMA_configTransfer             
0     000088b6  Device_enableAllPeripherals    
0     00008865  Device_init                    
0     00008993  Device_initGPIO                
0     00008dce  GPIO_setAnalogMode             
0     00008e3d  GPIO_setDirectionMode          
0     00008cee  GPIO_setPadConfig              
0     00008e09  Interrupt_enable               
0     00008d91  Interrupt_initModule           
0     00009000  Interrupt_initVectorTable      
0     00000294  SysCtl_delay                   
0     00008d40  SysCtl_getClock                
0     00009093  SysCtl_getLowSpeedClock        
0     00008a60  SysCtl_isPLLValid              
0     00008c93  SysCtl_selectOscSource         
0     00008fd9  SysCtl_selectXTAL              
0     000090ad  SysCtl_selectXTALSingleEnded   
0     000089aa  SysCtl_setClock                
0     000002b0  __TI_CINIT_Base                
0     000002bc  __TI_CINIT_Limit               
0     000002a2  __TI_Handler_Table_Base        
0     000002a8  __TI_Handler_Table_Limit       
1     00000500  __TI_STACK_END                 
abs   00000100  __TI_STACK_SIZE                
0     00008e9f  __TI_auto_init_nobinit_nopinit 
1     0000abce  __TI_cleanup_ptr               
0     00008e6e  __TI_decompress_lzss           
0     000091ff  __TI_decompress_none           
1     0000abd0  __TI_dtors_ptr                 
1     0000abcc  __TI_enable_exit_profile_output
abs   ffffffff  __TI_pprof_out_hndl            
abs   ffffffff  __TI_prof_data_size            
abs   ffffffff  __TI_prof_data_start           
0     0000921d  __TI_zero_init                 
n/a   UNDEFED   __c_args__                     
0     000089a3  __error__                      
1     00000400  __stack                        
0     000091df  _args_main                     
0     0000910c  _c_int00                       
1     0000abd2  _lock                          
0     000091fe  _nop                           
0     000091fa  _register_lock                 
0     000091f6  _register_unlock               
0     000087ff  _system_post_cinit             
0     00009225  _system_pre_init               
1     0000abd4  _unlock                        
0     00008f1c  abort                          
0     000000f4  adcA1ISR                       
1     0000c000  adcADataBuffer                 
0     00000122  adcC1ISR                       
1     0000c400  adcCDataBuffer                 
0     000087c2  adc_average                    
1     0000abac  avg_adcA                       
1     0000abbc  avg_adcC                       
0     00000000  code_start                     
0     0000852c  configureADC                   
0     0000874b  configureDMAChannels           
0     00008500  configureEPWM                  
0     00000150  dmach1ISR                      
0     000001f2  dmach2ISR                      
1     0000abab  done                           
0     00008f1e  exit                           
0     00008745  initializeDMA                  
0     00008428  main                           
0     0000905c  memcpy                         
0     00009216  memset                         
0     00008641  setupADCContinuous             
0     0000853f  setup_adc_continuous           


GLOBAL SYMBOLS: SORTED BY Symbol Address 

page  address   name                           
----  -------   ----                           
0     00000000  code_start                     
0     000000f4  adcA1ISR                       
0     00000122  adcC1ISR                       
0     00000150  dmach1ISR                      
0     000001f2  dmach2ISR                      
0     00000294  SysCtl_delay                   
0     000002a2  __TI_Handler_Table_Base        
0     000002a8  __TI_Handler_Table_Limit       
0     000002b0  __TI_CINIT_Base                
0     000002bc  __TI_CINIT_Limit               
0     00008428  main                           
0     00008500  configureEPWM                  
0     0000852c  configureADC                   
0     0000853f  setup_adc_continuous           
0     00008641  setupADCContinuous             
0     00008745  initializeDMA                  
0     0000874b  configureDMAChannels           
0     000087c2  adc_average                    
0     000087ff  _system_post_cinit             
0     00008865  Device_init                    
0     000088b6  Device_enableAllPeripherals    
0     00008993  Device_initGPIO                
0     000089a3  __error__                      
0     000089aa  SysCtl_setClock                
0     00008a60  SysCtl_isPLLValid              
0     00008b12  DMA_configMode                 
0     00008c2f  ADC_setVREF                    
0     00008c93  SysCtl_selectOscSource         
0     00008cee  GPIO_setPadConfig              
0     00008d40  SysCtl_getClock                
0     00008d91  Interrupt_initModule           
0     00008dce  GPIO_setAnalogMode             
0     00008e09  Interrupt_enable               
0     00008e3d  GPIO_setDirectionMode          
0     00008e6e  __TI_decompress_lzss           
0     00008e9f  __TI_auto_init_nobinit_nopinit 
0     00008eca  DMA_configTransfer             
0     00008f1c  C$$EXIT                        
0     00008f1c  abort                          
0     00008f1e  exit                           
0     00008f90  DMA_configAddresses            
0     00008fb5  DMA_configBurst                
0     00008fd9  SysCtl_selectXTAL              
0     00009000  Interrupt_initVectorTable      
0     0000905c  memcpy                         
0     00009093  SysCtl_getLowSpeedClock        
0     000090ad  SysCtl_selectXTALSingleEnded   
0     0000910c  _c_int00                       
0     000091df  _args_main                     
0     000091f6  _register_unlock               
0     000091fa  _register_lock                 
0     000091fe  _nop                           
0     000091ff  __TI_decompress_none           
0     00009216  memset                         
0     0000921d  __TI_zero_init                 
0     00009225  _system_pre_init               
1     00000400  __stack                        
1     00000500  __TI_STACK_END                 
1     0000abab  done                           
1     0000abac  avg_adcA                       
1     0000abbc  avg_adcC                       
1     0000abcc  __TI_enable_exit_profile_output
1     0000abce  __TI_cleanup_ptr               
1     0000abd0  __TI_dtors_ptr                 
1     0000abd2  _lock                          
1     0000abd4  _unlock                        
1     0000c000  adcADataBuffer                 
1     0000c400  adcCDataBuffer                 
abs   00000100  __TI_STACK_SIZE                
abs   ffffffff  __TI_pprof_out_hndl            
abs   ffffffff  __TI_prof_data_size            
abs   ffffffff  __TI_prof_data_start           
n/a   UNDEFED   __c_args__                     

[73 symbols]
